Archive member included to satisfy reference by file (symbol)

c:/tools/mcu/stmicroelectronics/stm32cubeide_1.6.1/stm32cubeide/plugins/com.st.stm32cube.ide.mcu.externaltools.gnu-tools-for-stm32.9-2020-q2-update.win32_1.5.0.202011040924/tools/bin/../lib/gcc/arm-none-eabi/9.3.1/../../../../arm-none-eabi/lib/thumb/v6-m/nofp\libc_nano.a(lib_a-errno.o)
                              Core/Src/syscalls.o (__errno)
c:/tools/mcu/stmicroelectronics/stm32cubeide_1.6.1/stm32cubeide/plugins/com.st.stm32cube.ide.mcu.externaltools.gnu-tools-for-stm32.9-2020-q2-update.win32_1.5.0.202011040924/tools/bin/../lib/gcc/arm-none-eabi/9.3.1/../../../../arm-none-eabi/lib/thumb/v6-m/nofp\libc_nano.a(lib_a-exit.o)
                              c:/tools/mcu/stmicroelectronics/stm32cubeide_1.6.1/stm32cubeide/plugins/com.st.stm32cube.ide.mcu.externaltools.gnu-tools-for-stm32.9-2020-q2-update.win32_1.5.0.202011040924/tools/bin/../lib/gcc/arm-none-eabi/9.3.1/../../../../arm-none-eabi/lib/thumb/v6-m/nofp/crt0.o (exit)
c:/tools/mcu/stmicroelectronics/stm32cubeide_1.6.1/stm32cubeide/plugins/com.st.stm32cube.ide.mcu.externaltools.gnu-tools-for-stm32.9-2020-q2-update.win32_1.5.0.202011040924/tools/bin/../lib/gcc/arm-none-eabi/9.3.1/../../../../arm-none-eabi/lib/thumb/v6-m/nofp\libc_nano.a(lib_a-impure.o)
                              c:/tools/mcu/stmicroelectronics/stm32cubeide_1.6.1/stm32cubeide/plugins/com.st.stm32cube.ide.mcu.externaltools.gnu-tools-for-stm32.9-2020-q2-update.win32_1.5.0.202011040924/tools/bin/../lib/gcc/arm-none-eabi/9.3.1/../../../../arm-none-eabi/lib/thumb/v6-m/nofp\libc_nano.a(lib_a-exit.o) (_global_impure_ptr)
c:/tools/mcu/stmicroelectronics/stm32cubeide_1.6.1/stm32cubeide/plugins/com.st.stm32cube.ide.mcu.externaltools.gnu-tools-for-stm32.9-2020-q2-update.win32_1.5.0.202011040924/tools/bin/../lib/gcc/arm-none-eabi/9.3.1/../../../../arm-none-eabi/lib/thumb/v6-m/nofp\libc_nano.a(lib_a-init.o)
                              c:/tools/mcu/stmicroelectronics/stm32cubeide_1.6.1/stm32cubeide/plugins/com.st.stm32cube.ide.mcu.externaltools.gnu-tools-for-stm32.9-2020-q2-update.win32_1.5.0.202011040924/tools/bin/../lib/gcc/arm-none-eabi/9.3.1/../../../../arm-none-eabi/lib/thumb/v6-m/nofp/crt0.o (__libc_init_array)
c:/tools/mcu/stmicroelectronics/stm32cubeide_1.6.1/stm32cubeide/plugins/com.st.stm32cube.ide.mcu.externaltools.gnu-tools-for-stm32.9-2020-q2-update.win32_1.5.0.202011040924/tools/bin/../lib/gcc/arm-none-eabi/9.3.1/../../../../arm-none-eabi/lib/thumb/v6-m/nofp\libc_nano.a(lib_a-memset.o)
                              c:/tools/mcu/stmicroelectronics/stm32cubeide_1.6.1/stm32cubeide/plugins/com.st.stm32cube.ide.mcu.externaltools.gnu-tools-for-stm32.9-2020-q2-update.win32_1.5.0.202011040924/tools/bin/../lib/gcc/arm-none-eabi/9.3.1/../../../../arm-none-eabi/lib/thumb/v6-m/nofp/crt0.o (memset)
c:/tools/mcu/stmicroelectronics/stm32cubeide_1.6.1/stm32cubeide/plugins/com.st.stm32cube.ide.mcu.externaltools.gnu-tools-for-stm32.9-2020-q2-update.win32_1.5.0.202011040924/tools/bin/../lib/gcc/arm-none-eabi/9.3.1/thumb/v6-m/nofp\libgcc.a(_udivsi3.o)
                              Core/Src/system_stm32l0xx.o (__aeabi_uidiv)
c:/tools/mcu/stmicroelectronics/stm32cubeide_1.6.1/stm32cubeide/plugins/com.st.stm32cube.ide.mcu.externaltools.gnu-tools-for-stm32.9-2020-q2-update.win32_1.5.0.202011040924/tools/bin/../lib/gcc/arm-none-eabi/9.3.1/thumb/v6-m/nofp\libgcc.a(_dvmd_tls.o)
                              c:/tools/mcu/stmicroelectronics/stm32cubeide_1.6.1/stm32cubeide/plugins/com.st.stm32cube.ide.mcu.externaltools.gnu-tools-for-stm32.9-2020-q2-update.win32_1.5.0.202011040924/tools/bin/../lib/gcc/arm-none-eabi/9.3.1/thumb/v6-m/nofp\libgcc.a(_udivsi3.o) (__aeabi_idiv0)
c:/tools/mcu/stmicroelectronics/stm32cubeide_1.6.1/stm32cubeide/plugins/com.st.stm32cube.ide.mcu.externaltools.gnu-tools-for-stm32.9-2020-q2-update.win32_1.5.0.202011040924/tools/bin/../lib/gcc/arm-none-eabi/9.3.1/thumb/v6-m/nofp\libgcc.a(_aeabi_uldivmod.o)
                              Drivers/STM32L0xx_HAL_Driver/Src/stm32l0xx_hal_rcc.o (__aeabi_uldivmod)
c:/tools/mcu/stmicroelectronics/stm32cubeide_1.6.1/stm32cubeide/plugins/com.st.stm32cube.ide.mcu.externaltools.gnu-tools-for-stm32.9-2020-q2-update.win32_1.5.0.202011040924/tools/bin/../lib/gcc/arm-none-eabi/9.3.1/thumb/v6-m/nofp\libgcc.a(_muldi3.o)
                              Drivers/STM32L0xx_HAL_Driver/Src/stm32l0xx_hal_rcc.o (__aeabi_lmul)
c:/tools/mcu/stmicroelectronics/stm32cubeide_1.6.1/stm32cubeide/plugins/com.st.stm32cube.ide.mcu.externaltools.gnu-tools-for-stm32.9-2020-q2-update.win32_1.5.0.202011040924/tools/bin/../lib/gcc/arm-none-eabi/9.3.1/thumb/v6-m/nofp\libgcc.a(_udivmoddi4.o)
                              c:/tools/mcu/stmicroelectronics/stm32cubeide_1.6.1/stm32cubeide/plugins/com.st.stm32cube.ide.mcu.externaltools.gnu-tools-for-stm32.9-2020-q2-update.win32_1.5.0.202011040924/tools/bin/../lib/gcc/arm-none-eabi/9.3.1/thumb/v6-m/nofp\libgcc.a(_aeabi_uldivmod.o) (__udivmoddi4)
[...]
Memory Configuration

Name             Origin             Length             Attributes
RAM              0x0000000020000000 0x0000000000002000 xrw
FLASH            0x0000000008000000 0x0000000000010000 xr
*default*        0x0000000000000000 0xffffffffffffffff

Linker script and memory map

LOAD c:/tools/mcu/stmicroelectronics/stm32cubeide_1.6.1/stm32cubeide/plugins/com.st.stm32cube.ide.mcu.externaltools.gnu-tools-for-stm32.9-2020-q2-update.win32_1.5.0.202011040924/tools/bin/../lib/gcc/arm-none-eabi/9.3.1/thumb/v6-m/nofp/crti.o
LOAD c:/tools/mcu/stmicroelectronics/stm32cubeide_1.6.1/stm32cubeide/plugins/com.st.stm32cube.ide.mcu.externaltools.gnu-tools-for-stm32.9-2020-q2-update.win32_1.5.0.202011040924/tools/bin/../lib/gcc/arm-none-eabi/9.3.1/thumb/v6-m/nofp/crtbegin.o
LOAD c:/tools/mcu/stmicroelectronics/stm32cubeide_1.6.1/stm32cubeide/plugins/com.st.stm32cube.ide.mcu.externaltools.gnu-tools-for-stm32.9-2020-q2-update.win32_1.5.0.202011040924/tools/bin/../lib/gcc/arm-none-eabi/9.3.1/../../../../arm-none-eabi/lib/thumb/v6-m/nofp/crt0.o
LOAD App/App.o
LOAD App/lcd_user.o
LOAD Core/Src/adc.o
LOAD Core/Src/dma.o
LOAD Core/Src/gpio.o
LOAD Core/Src/i2c.o
LOAD Core/Src/main.o
LOAD Core/Src/stm32l0xx_hal_msp.o
LOAD Core/Src/stm32l0xx_it.o
LOAD Core/Src/syscalls.o
LOAD Core/Src/sysmem.o
LOAD Core/Src/system_stm32l0xx.o
LOAD Core/Src/tim.o
LOAD Core/Startup/startup_stm32l052k8tx.o
LOAD Drivers/STM32L0xx_HAL_Driver/Src/stm32l0xx_hal.o
LOAD Drivers/STM32L0xx_HAL_Driver/Src/stm32l0xx_hal_adc.o
LOAD Drivers/STM32L0xx_HAL_Driver/Src/stm32l0xx_hal_adc_ex.o
LOAD Drivers/STM32L0xx_HAL_Driver/Src/stm32l0xx_hal_cortex.o
LOAD Drivers/STM32L0xx_HAL_Driver/Src/stm32l0xx_hal_dma.o
LOAD Drivers/STM32L0xx_HAL_Driver/Src/stm32l0xx_hal_exti.o
LOAD Drivers/STM32L0xx_HAL_Driver/Src/stm32l0xx_hal_flash.o
LOAD Drivers/STM32L0xx_HAL_Driver/Src/stm32l0xx_hal_flash_ex.o
LOAD Drivers/STM32L0xx_HAL_Driver/Src/stm32l0xx_hal_flash_ramfunc.o
LOAD Drivers/STM32L0xx_HAL_Driver/Src/stm32l0xx_hal_gpio.o
LOAD Drivers/STM32L0xx_HAL_Driver/Src/stm32l0xx_hal_i2c.o
LOAD Drivers/STM32L0xx_HAL_Driver/Src/stm32l0xx_hal_i2c_ex.o
LOAD Drivers/STM32L0xx_HAL_Driver/Src/stm32l0xx_hal_pwr.o
LOAD Drivers/STM32L0xx_HAL_Driver/Src/stm32l0xx_hal_pwr_ex.o
LOAD Drivers/STM32L0xx_HAL_Driver/Src/stm32l0xx_hal_rcc.o
LOAD Drivers/STM32L0xx_HAL_Driver/Src/stm32l0xx_hal_rcc_ex.o
LOAD Drivers/STM32L0xx_HAL_Driver/Src/stm32l0xx_hal_tim.o
LOAD Drivers/STM32L0xx_HAL_Driver/Src/stm32l0xx_hal_tim_ex.o
START GROUP
LOAD c:/tools/mcu/stmicroelectronics/stm32cubeide_1.6.1/stm32cubeide/plugins/com.st.stm32cube.ide.mcu.externaltools.gnu-tools-for-stm32.9-2020-q2-update.win32_1.5.0.202011040924/tools/bin/../lib/gcc/arm-none-eabi/9.3.1/../../../../arm-none-eabi/lib/thumb/v6-m/nofp\libc_nano.a
LOAD c:/tools/mcu/stmicroelectronics/stm32cubeide_1.6.1/stm32cubeide/plugins/com.st.stm32cube.ide.mcu.externaltools.gnu-tools-for-stm32.9-2020-q2-update.win32_1.5.0.202011040924/tools/bin/../lib/gcc/arm-none-eabi/9.3.1/../../../../arm-none-eabi/lib/thumb/v6-m/nofp\libm.a
END GROUP
START GROUP
LOAD c:/tools/mcu/stmicroelectronics/stm32cubeide_1.6.1/stm32cubeide/plugins/com.st.stm32cube.ide.mcu.externaltools.gnu-tools-for-stm32.9-2020-q2-update.win32_1.5.0.202011040924/tools/bin/../lib/gcc/arm-none-eabi/9.3.1/thumb/v6-m/nofp\libgcc.a
LOAD c:/tools/mcu/stmicroelectronics/stm32cubeide_1.6.1/stm32cubeide/plugins/com.st.stm32cube.ide.mcu.externaltools.gnu-tools-for-stm32.9-2020-q2-update.win32_1.5.0.202011040924/tools/bin/../lib/gcc/arm-none-eabi/9.3.1/../../../../arm-none-eabi/lib/thumb/v6-m/nofp\libc_nano.a
END GROUP
START GROUP
LOAD c:/tools/mcu/stmicroelectronics/stm32cubeide_1.6.1/stm32cubeide/plugins/com.st.stm32cube.ide.mcu.externaltools.gnu-tools-for-stm32.9-2020-q2-update.win32_1.5.0.202011040924/tools/bin/../lib/gcc/arm-none-eabi/9.3.1/thumb/v6-m/nofp\libgcc.a
LOAD c:/tools/mcu/stmicroelectronics/stm32cubeide_1.6.1/stm32cubeide/plugins/com.st.stm32cube.ide.mcu.externaltools.gnu-tools-for-stm32.9-2020-q2-update.win32_1.5.0.202011040924/tools/bin/../lib/gcc/arm-none-eabi/9.3.1/../../../../arm-none-eabi/lib/thumb/v6-m/nofp\libc_nano.a
LOAD c:/tools/mcu/stmicroelectronics/stm32cubeide_1.6.1/stm32cubeide/plugins/com.st.stm32cube.ide.mcu.externaltools.gnu-tools-for-stm32.9-2020-q2-update.win32_1.5.0.202011040924/tools/bin/../lib/gcc/arm-none-eabi/9.3.1/../../../../arm-none-eabi/lib/thumb/v6-m/nofp\libnosys.a
END GROUP
START GROUP
LOAD c:/tools/mcu/stmicroelectronics/stm32cubeide_1.6.1/stm32cubeide/plugins/com.st.stm32cube.ide.mcu.externaltools.gnu-tools-for-stm32.9-2020-q2-update.win32_1.5.0.202011040924/tools/bin/../lib/gcc/arm-none-eabi/9.3.1/thumb/v6-m/nofp\libgcc.a
LOAD c:/tools/mcu/stmicroelectronics/stm32cubeide_1.6.1/stm32cubeide/plugins/com.st.stm32cube.ide.mcu.externaltools.gnu-tools-for-stm32.9-2020-q2-update.win32_1.5.0.202011040924/tools/bin/../lib/gcc/arm-none-eabi/9.3.1/../../../../arm-none-eabi/lib/thumb/v6-m/nofp\libc_nano.a
LOAD c:/tools/mcu/stmicroelectronics/stm32cubeide_1.6.1/stm32cubeide/plugins/com.st.stm32cube.ide.mcu.externaltools.gnu-tools-for-stm32.9-2020-q2-update.win32_1.5.0.202011040924/tools/bin/../lib/gcc/arm-none-eabi/9.3.1/../../../../arm-none-eabi/lib/thumb/v6-m/nofp\libnosys.a
END GROUP
LOAD c:/tools/mcu/stmicroelectronics/stm32cubeide_1.6.1/stm32cubeide/plugins/com.st.stm32cube.ide.mcu.externaltools.gnu-tools-for-stm32.9-2020-q2-update.win32_1.5.0.202011040924/tools/bin/../lib/gcc/arm-none-eabi/9.3.1/thumb/v6-m/nofp/crtend.o
LOAD c:/tools/mcu/stmicroelectronics/stm32cubeide_1.6.1/stm32cubeide/plugins/com.st.stm32cube.ide.mcu.externaltools.gnu-tools-for-stm32.9-2020-q2-update.win32_1.5.0.202011040924/tools/bin/../lib/gcc/arm-none-eabi/9.3.1/thumb/v6-m/nofp/crtn.o
                0x0000000020002000                _estack = (ORIGIN (RAM) + LENGTH (RAM))
                0x0000000000000200                _Min_Heap_Size = 0x200
                0x0000000000000400                _Min_Stack_Size = 0x400

.isr_vector     0x0000000008000000       0xc0
                0x0000000008000000                . = ALIGN (0x4)
 *(.isr_vector)
 .isr_vector    0x0000000008000000       0xc0 Core/Startup/startup_stm32l052k8tx.o
                0x0000000008000000                g_pfnVectors
                0x00000000080000c0                . = ALIGN (0x4)

.text           0x00000000080000c0     0x3b6c
                0x00000000080000c0                . = ALIGN (0x4)
 *(.text)
 .text          0x00000000080000c0       0x48 c:/tools/mcu/stmicroelectronics/stm32cubeide_1.6.1/stm32cubeide/plugins/com.st.stm32cube.ide.mcu.externaltools.gnu-tools-for-stm32.9-2020-q2-update.win32_1.5.0.202011040924/tools/bin/../lib/gcc/arm-none-eabi/9.3.1/thumb/v6-m/nofp/crtbegin.o
 .text          0x0000000008000108      0x114 c:/tools/mcu/stmicroelectronics/stm32cubeide_1.6.1/stm32cubeide/plugins/com.st.stm32cube.ide.mcu.externaltools.gnu-tools-for-stm32.9-2020-q2-update.win32_1.5.0.202011040924/tools/bin/../lib/gcc/arm-none-eabi/9.3.1/thumb/v6-m/nofp\libgcc.a(_udivsi3.o)
                0x0000000008000108                __aeabi_uidiv
                0x0000000008000108                __udivsi3
                0x0000000008000214                __aeabi_uidivmod
 .text          0x000000000800021c        0x4 c:/tools/mcu/stmicroelectronics/stm32cubeide_1.6.1/stm32cubeide/plugins/com.st.stm32cube.ide.mcu.externaltools.gnu-tools-for-stm32.9-2020-q2-update.win32_1.5.0.202011040924/tools/bin/../lib/gcc/arm-none-eabi/9.3.1/thumb/v6-m/nofp\libgcc.a(_dvmd_tls.o)
                0x000000000800021c                __aeabi_idiv0
                0x000000000800021c                __aeabi_ldiv0
 .text          0x0000000008000220       0x40 c:/tools/mcu/stmicroelectronics/stm32cubeide_1.6.1/stm32cubeide/plugins/com.st.stm32cube.ide.mcu.externaltools.gnu-tools-for-stm32.9-2020-q2-update.win32_1.5.0.202011040924/tools/bin/../lib/gcc/arm-none-eabi/9.3.1/thumb/v6-m/nofp\libgcc.a(_aeabi_uldivmod.o)
                0x0000000008000220                __aeabi_uldivmod
 .text          0x0000000008000260       0x50 c:/tools/mcu/stmicroelectronics/stm32cubeide_1.6.1/stm32cubeide/plugins/com.st.stm32cube.ide.mcu.externaltools.gnu-tools-for-stm32.9-2020-q2-update.win32_1.5.0.202011040924/tools/bin/../lib/gcc/arm-none-eabi/9.3.1/thumb/v6-m/nofp\libgcc.a(_muldi3.o)
                0x0000000008000260                __muldi3
                0x0000000008000260                __aeabi_lmul
 .text          0x00000000080002b0      0x198 c:/tools/mcu/stmicroelectronics/stm32cubeide_1.6.1/stm32cubeide/plugins/com.st.stm32cube.ide.mcu.externaltools.gnu-tools-for-stm32.9-2020-q2-update.win32_1.5.0.202011040924/tools/bin/../lib/gcc/arm-none-eabi/9.3.1/thumb/v6-m/nofp\libgcc.a(_udivmoddi4.o)
                0x00000000080002b0                __udivmoddi4
 .text          0x0000000008000448       0x18 c:/tools/mcu/stmicroelectronics/stm32cubeide_1.6.1/stm32cubeide/plugins/com.st.stm32cube.ide.mcu.externaltools.gnu-tools-for-stm32.9-2020-q2-update.win32_1.5.0.202011040924/tools/bin/../lib/gcc/arm-none-eabi/9.3.1/thumb/v6-m/nofp\libgcc.a(_clzdi2.o)
                0x0000000008000448                __clzdi2
 .text          0x0000000008000460       0x3c c:/tools/mcu/stmicroelectronics/stm32cubeide_1.6.1/stm32cubeide/plugins/com.st.stm32cube.ide.mcu.externaltools.gnu-tools-for-stm32.9-2020-q2-update.win32_1.5.0.202011040924/tools/bin/../lib/gcc/arm-none-eabi/9.3.1/thumb/v6-m/nofp\libgcc.a(_clzsi2.o)
                0x0000000008000460                __clzsi2
 *(.text*)
 .text.HAL_ADC_ConvCpltCallback
                0x000000000800049c       0x28 App/App.o
                0x000000000800049c                HAL_ADC_ConvCpltCallback
 .text.appSetup
                0x00000000080004c4       0x30 App/App.o
                0x00000000080004c4                appSetup
 .text.appLoop  0x00000000080004f4      0x11c App/App.o
                0x00000000080004f4                appLoop
 .text.swEvntCheck
                0x0000000008000610      0x174 App/App.o
                0x0000000008000610                swEvntCheck
 .text.systemHearbit
                0x0000000008000784       0x3c App/App.o
                0x0000000008000784                systemHearbit
 .text.showMenu
                0x00000000080007c0       0x58 App/App.o
                0x00000000080007c0                showMenu
 .text.IIC_Writecmd
                0x0000000008000818       0x30 App/lcd_user.o
                0x0000000008000818                IIC_Writecmd
 .text.IIC_Writedata
                0x0000000008000848       0x30 App/lcd_user.o
                0x0000000008000848                IIC_Writedata
 .text.OLED_Clear
                0x0000000008000878       0x6c App/lcd_user.o
                0x0000000008000878                OLED_Clear
 .text.lcd_init
                0x00000000080008e4       0xc2 App/lcd_user.o
                0x00000000080008e4                lcd_init
 .text.OLED_Set_Pos
                0x00000000080009a6       0x56 App/lcd_user.o
                0x00000000080009a6                OLED_Set_Pos
 .text.OLED_ShowChar
                0x00000000080009fc       0xb8 App/lcd_user.o
                0x00000000080009fc                OLED_ShowChar
 .text.OLED_ShowString
                0x0000000008000ab4       0xa2 App/lcd_user.o
                0x0000000008000ab4                OLED_ShowString
 *fill*         0x0000000008000b56        0x2 
 .text.MX_ADC_Init
                0x0000000008000b58      0x104 Core/Src/adc.o
                0x0000000008000b58                MX_ADC_Init
 .text.HAL_ADC_MspInit
                0x0000000008000c5c       0xe8 Core/Src/adc.o
                0x0000000008000c5c                HAL_ADC_MspInit
 .text.MX_DMA_Init
                0x0000000008000d44       0x3c Core/Src/dma.o
                0x0000000008000d44                MX_DMA_Init
 .text.MX_GPIO_Init
                0x0000000008000d80       0xfc Core/Src/gpio.o
                0x0000000008000d80                MX_GPIO_Init
 .text.MX_I2C1_Init
                0x0000000008000e7c       0x80 Core/Src/i2c.o
                0x0000000008000e7c                MX_I2C1_Init
 .text.HAL_I2C_MspInit
                0x0000000008000efc       0x88 Core/Src/i2c.o
                0x0000000008000efc                HAL_I2C_MspInit
 .text.main     0x0000000008000f84       0x2a Core/Src/main.o
                0x0000000008000f84                main
 *fill*         0x0000000008000fae        0x2 
 .text.SystemClock_Config
                0x0000000008000fb0       0xe4 Core/Src/main.o
                0x0000000008000fb0                SystemClock_Config
 .text.Error_Handler
                0x0000000008001094        0xa Core/Src/main.o
                0x0000000008001094                Error_Handler
 *fill*         0x000000000800109e        0x2 
 .text.HAL_MspInit
                0x00000000080010a0       0x28 Core/Src/stm32l0xx_hal_msp.o
                0x00000000080010a0                HAL_MspInit
 .text.NMI_Handler
                0x00000000080010c8        0xa Core/Src/stm32l0xx_it.o
                0x00000000080010c8                NMI_Handler
 .text.HardFault_Handler
                0x00000000080010d2        0x6 Core/Src/stm32l0xx_it.o
                0x00000000080010d2                HardFault_Handler
 .text.SVC_Handler
                0x00000000080010d8        0xa Core/Src/stm32l0xx_it.o
                0x00000000080010d8                SVC_Handler
 .text.PendSV_Handler
                0x00000000080010e2        0xa Core/Src/stm32l0xx_it.o
                0x00000000080010e2                PendSV_Handler
 .text.SysTick_Handler
                0x00000000080010ec        0xe Core/Src/stm32l0xx_it.o
                0x00000000080010ec                SysTick_Handler
 *fill*         0x00000000080010fa        0x2 
 .text.DMA1_Channel1_IRQHandler
                0x00000000080010fc       0x18 Core/Src/stm32l0xx_it.o
                0x00000000080010fc                DMA1_Channel1_IRQHandler
 .text.ADC1_COMP_IRQHandler
                0x0000000008001114       0x18 Core/Src/stm32l0xx_it.o
                0x0000000008001114                ADC1_COMP_IRQHandler
 .text.TIM6_DAC_IRQHandler
                0x000000000800112c       0x18 Core/Src/stm32l0xx_it.o
                0x000000000800112c                TIM6_DAC_IRQHandler
 .text.SystemInit
                0x0000000008001144       0x7c Core/Src/system_stm32l0xx.o
                0x0000000008001144                SystemInit
 .text.MX_TIM6_Init
                0x00000000080011c0       0x7c Core/Src/tim.o
                0x00000000080011c0                MX_TIM6_Init
 .text.HAL_TIM_Base_MspInit
                0x000000000800123c       0x40 Core/Src/tim.o
                0x000000000800123c                HAL_TIM_Base_MspInit
 .text.Reset_Handler
                0x000000000800127c       0x50 Core/Startup/startup_stm32l052k8tx.o
                0x000000000800127c                Reset_Handler
 .text.Default_Handler
                0x00000000080012cc        0x2 Core/Startup/startup_stm32l052k8tx.o
                0x00000000080012cc                TSC_IRQHandler
                0x00000000080012cc                PVD_IRQHandler
                0x00000000080012cc                I2C1_IRQHandler
                0x00000000080012cc                RCC_CRS_IRQHandler
                0x00000000080012cc                SPI1_IRQHandler
                0x00000000080012cc                EXTI2_3_IRQHandler
                0x00000000080012cc                I2C2_IRQHandler
                0x00000000080012cc                RTC_IRQHandler
                0x00000000080012cc                DMA1_Channel4_5_6_7_IRQHandler
                0x00000000080012cc                EXTI4_15_IRQHandler
                0x00000000080012cc                Default_Handler
                0x00000000080012cc                TIM22_IRQHandler
                0x00000000080012cc                EXTI0_1_IRQHandler
                0x00000000080012cc                USB_IRQHandler
                0x00000000080012cc                SPI2_IRQHandler
                0x00000000080012cc                TIM21_IRQHandler
                0x00000000080012cc                WWDG_IRQHandler
                0x00000000080012cc                TIM2_IRQHandler
                0x00000000080012cc                DMA1_Channel2_3_IRQHandler
                0x00000000080012cc                USART2_IRQHandler
                0x00000000080012cc                FLASH_IRQHandler
                0x00000000080012cc                USART1_IRQHandler
                0x00000000080012cc                RNG_LPUART1_IRQHandler
                0x00000000080012cc                LPTIM1_IRQHandler
 *fill*         0x00000000080012ce        0x2 
 .text.HAL_Init
                0x00000000080012d0       0x40 Drivers/STM32L0xx_HAL_Driver/Src/stm32l0xx_hal.o
                0x00000000080012d0                HAL_Init
 .text.HAL_InitTick
                0x0000000008001310       0x68 Drivers/STM32L0xx_HAL_Driver/Src/stm32l0xx_hal.o
                0x0000000008001310                HAL_InitTick
 .text.HAL_IncTick
                0x0000000008001378       0x24 Drivers/STM32L0xx_HAL_Driver/Src/stm32l0xx_hal.o
                0x0000000008001378                HAL_IncTick
 .text.HAL_GetTick
                0x000000000800139c       0x14 Drivers/STM32L0xx_HAL_Driver/Src/stm32l0xx_hal.o
                0x000000000800139c                HAL_GetTick
 .text.HAL_Delay
                0x00000000080013b0       0x48 Drivers/STM32L0xx_HAL_Driver/Src/stm32l0xx_hal.o
                0x00000000080013b0                HAL_Delay
 .text.HAL_ADC_Init
                0x00000000080013f8      0x2e8 Drivers/STM32L0xx_HAL_Driver/Src/stm32l0xx_hal_adc.o
                0x00000000080013f8                HAL_ADC_Init
 .text.HAL_ADC_IRQHandler
                0x00000000080016e0      0x178 Drivers/STM32L0xx_HAL_Driver/Src/stm32l0xx_hal_adc.o
                0x00000000080016e0                HAL_ADC_IRQHandler
 .text.HAL_ADC_LevelOutOfWindowCallback
                0x0000000008001858       0x10 Drivers/STM32L0xx_HAL_Driver/Src/stm32l0xx_hal_adc.o
                0x0000000008001858                HAL_ADC_LevelOutOfWindowCallback
 .text.HAL_ADC_ErrorCallback
                0x0000000008001868       0x10 Drivers/STM32L0xx_HAL_Driver/Src/stm32l0xx_hal_adc.o
                0x0000000008001868                HAL_ADC_ErrorCallback
 .text.HAL_ADC_ConfigChannel
                0x0000000008001878      0x10c Drivers/STM32L0xx_HAL_Driver/Src/stm32l0xx_hal_adc.o
                0x0000000008001878                HAL_ADC_ConfigChannel
 .text.ADC_DelayMicroSecond
                0x0000000008001984       0x40 Drivers/STM32L0xx_HAL_Driver/Src/stm32l0xx_hal_adc.o
 .text.__NVIC_EnableIRQ
                0x00000000080019c4       0x34 Drivers/STM32L0xx_HAL_Driver/Src/stm32l0xx_hal_cortex.o
 .text.__NVIC_SetPriority
                0x00000000080019f8       0xdc Drivers/STM32L0xx_HAL_Driver/Src/stm32l0xx_hal_cortex.o
 .text.SysTick_Config
                0x0000000008001ad4       0x48 Drivers/STM32L0xx_HAL_Driver/Src/stm32l0xx_hal_cortex.o
 .text.HAL_NVIC_SetPriority
                0x0000000008001b1c       0x2a Drivers/STM32L0xx_HAL_Driver/Src/stm32l0xx_hal_cortex.o
                0x0000000008001b1c                HAL_NVIC_SetPriority
 .text.HAL_NVIC_EnableIRQ
                0x0000000008001b46       0x20 Drivers/STM32L0xx_HAL_Driver/Src/stm32l0xx_hal_cortex.o
                0x0000000008001b46                HAL_NVIC_EnableIRQ
 .text.HAL_SYSTICK_Config
                0x0000000008001b66       0x1a Drivers/STM32L0xx_HAL_Driver/Src/stm32l0xx_hal_cortex.o
                0x0000000008001b66                HAL_SYSTICK_Config
 .text.HAL_DMA_Init
                0x0000000008001b80       0xf0 Drivers/STM32L0xx_HAL_Driver/Src/stm32l0xx_hal_dma.o
                0x0000000008001b80                HAL_DMA_Init
 .text.HAL_DMA_IRQHandler
                0x0000000008001c70      0x15c Drivers/STM32L0xx_HAL_Driver/Src/stm32l0xx_hal_dma.o
                0x0000000008001c70                HAL_DMA_IRQHandler
 .text.HAL_GPIO_Init
                0x0000000008001dcc      0x2ec Drivers/STM32L0xx_HAL_Driver/Src/stm32l0xx_hal_gpio.o
                0x0000000008001dcc                HAL_GPIO_Init
 .text.HAL_GPIO_ReadPin
                0x00000000080020b8       0x3a Drivers/STM32L0xx_HAL_Driver/Src/stm32l0xx_hal_gpio.o
                0x00000000080020b8                HAL_GPIO_ReadPin
 .text.HAL_GPIO_WritePin
                0x00000000080020f2       0x3a Drivers/STM32L0xx_HAL_Driver/Src/stm32l0xx_hal_gpio.o
                0x00000000080020f2                HAL_GPIO_WritePin
 .text.HAL_GPIO_TogglePin
                0x000000000800212c       0x36 Drivers/STM32L0xx_HAL_Driver/Src/stm32l0xx_hal_gpio.o
                0x000000000800212c                HAL_GPIO_TogglePin
 *fill*         0x0000000008002162        0x2 
 .text.HAL_I2C_Init
                0x0000000008002164      0x12c Drivers/STM32L0xx_HAL_Driver/Src/stm32l0xx_hal_i2c.o
                0x0000000008002164                HAL_I2C_Init
 .text.HAL_I2C_Mem_Write
                0x0000000008002290      0x25c Drivers/STM32L0xx_HAL_Driver/Src/stm32l0xx_hal_i2c.o
                0x0000000008002290                HAL_I2C_Mem_Write
 .text.I2C_RequestMemoryWrite
                0x00000000080024ec       0xc8 Drivers/STM32L0xx_HAL_Driver/Src/stm32l0xx_hal_i2c.o
 .text.I2C_Flush_TXDR
                0x00000000080025b4       0x44 Drivers/STM32L0xx_HAL_Driver/Src/stm32l0xx_hal_i2c.o
 .text.I2C_WaitOnFlagUntilTimeout
                0x00000000080025f8       0x7e Drivers/STM32L0xx_HAL_Driver/Src/stm32l0xx_hal_i2c.o
 .text.I2C_WaitOnTXISFlagUntilTimeout
                0x0000000008002676       0x7e Drivers/STM32L0xx_HAL_Driver/Src/stm32l0xx_hal_i2c.o
 .text.I2C_WaitOnSTOPFlagUntilTimeout
                0x00000000080026f4       0x78 Drivers/STM32L0xx_HAL_Driver/Src/stm32l0xx_hal_i2c.o
 .text.I2C_IsAcknowledgeFailed
                0x000000000800276c       0xcc Drivers/STM32L0xx_HAL_Driver/Src/stm32l0xx_hal_i2c.o
 .text.I2C_TransferConfig
                0x0000000008002838       0x6c Drivers/STM32L0xx_HAL_Driver/Src/stm32l0xx_hal_i2c.o
 .text.HAL_I2CEx_ConfigAnalogFilter
                0x00000000080028a4       0x98 Drivers/STM32L0xx_HAL_Driver/Src/stm32l0xx_hal_i2c_ex.o
                0x00000000080028a4                HAL_I2CEx_ConfigAnalogFilter
 .text.HAL_I2CEx_ConfigDigitalFilter
                0x000000000800293c       0x98 Drivers/STM32L0xx_HAL_Driver/Src/stm32l0xx_hal_i2c_ex.o
                0x000000000800293c                HAL_I2CEx_ConfigDigitalFilter
 .text.HAL_RCC_OscConfig
                0x00000000080029d4      0x788 Drivers/STM32L0xx_HAL_Driver/Src/stm32l0xx_hal_rcc.o
                0x00000000080029d4                HAL_RCC_OscConfig
 .text.HAL_RCC_ClockConfig
                0x000000000800315c      0x290 Drivers/STM32L0xx_HAL_Driver/Src/stm32l0xx_hal_rcc.o
                0x000000000800315c                HAL_RCC_ClockConfig
 .text.HAL_RCC_GetSysClockFreq
                0x00000000080033ec      0x14c Drivers/STM32L0xx_HAL_Driver/Src/stm32l0xx_hal_rcc.o
                0x00000000080033ec                HAL_RCC_GetSysClockFreq
 .text.HAL_RCCEx_PeriphCLKConfig
                0x0000000008003538      0x28c Drivers/STM32L0xx_HAL_Driver/Src/stm32l0xx_hal_rcc_ex.o
                0x0000000008003538                HAL_RCCEx_PeriphCLKConfig
 .text.HAL_TIM_Base_Init
                0x00000000080037c4       0x80 Drivers/STM32L0xx_HAL_Driver/Src/stm32l0xx_hal_tim.o
                0x00000000080037c4                HAL_TIM_Base_Init
 .text.HAL_TIM_IRQHandler
                0x0000000008003844      0x1d0 Drivers/STM32L0xx_HAL_Driver/Src/stm32l0xx_hal_tim.o
                0x0000000008003844                HAL_TIM_IRQHandler
 .text.HAL_TIM_PeriodElapsedCallback
                0x0000000008003a14       0x10 Drivers/STM32L0xx_HAL_Driver/Src/stm32l0xx_hal_tim.o
                0x0000000008003a14                HAL_TIM_PeriodElapsedCallback
 .text.HAL_TIM_OC_DelayElapsedCallback
                0x0000000008003a24       0x10 Drivers/STM32L0xx_HAL_Driver/Src/stm32l0xx_hal_tim.o
                0x0000000008003a24                HAL_TIM_OC_DelayElapsedCallback
 .text.HAL_TIM_IC_CaptureCallback
                0x0000000008003a34       0x10 Drivers/STM32L0xx_HAL_Driver/Src/stm32l0xx_hal_tim.o
                0x0000000008003a34                HAL_TIM_IC_CaptureCallback
 .text.HAL_TIM_PWM_PulseFinishedCallback
                0x0000000008003a44       0x10 Drivers/STM32L0xx_HAL_Driver/Src/stm32l0xx_hal_tim.o
                0x0000000008003a44                HAL_TIM_PWM_PulseFinishedCallback
 .text.HAL_TIM_TriggerCallback
                0x0000000008003a54       0x10 Drivers/STM32L0xx_HAL_Driver/Src/stm32l0xx_hal_tim.o
                0x0000000008003a54                HAL_TIM_TriggerCallback
 .text.TIM_Base_SetConfig
                0x0000000008003a64       0xa8 Drivers/STM32L0xx_HAL_Driver/Src/stm32l0xx_hal_tim.o
 .text.HAL_TIMEx_MasterConfigSynchronization
                0x0000000008003b0c       0xb0 Drivers/STM32L0xx_HAL_Driver/Src/stm32l0xx_hal_tim_ex.o
                0x0000000008003b0c                HAL_TIMEx_MasterConfigSynchronization
 .text.__libc_init_array
                0x0000000008003bbc       0x48 c:/tools/mcu/stmicroelectronics/stm32cubeide_1.6.1/stm32cubeide/plugins/com.st.stm32cube.ide.mcu.externaltools.gnu-tools-for-stm32.9-2020-q2-update.win32_1.5.0.202011040924/tools/bin/../lib/gcc/arm-none-eabi/9.3.1/../../../../arm-none-eabi/lib/thumb/v6-m/nofp\libc_nano.a(lib_a-init.o)
                0x0000000008003bbc                __libc_init_array
 .text.memset   0x0000000008003c04       0x10 c:/tools/mcu/stmicroelectronics/stm32cubeide_1.6.1/stm32cubeide/plugins/com.st.stm32cube.ide.mcu.externaltools.gnu-tools-for-stm32.9-2020-q2-update.win32_1.5.0.202011040924/tools/bin/../lib/gcc/arm-none-eabi/9.3.1/../../../../arm-none-eabi/lib/thumb/v6-m/nofp\libc_nano.a(lib_a-memset.o)
                0x0000000008003c04                memset
 *(.glue_7)
 .glue_7        0x0000000008003c14        0x0 linker stubs
 *(.glue_7t)
 .glue_7t       0x0000000008003c14        0x0 linker stubs
 *(.eh_frame)
 .eh_frame      0x0000000008003c14        0x0 c:/tools/mcu/stmicroelectronics/stm32cubeide_1.6.1/stm32cubeide/plugins/com.st.stm32cube.ide.mcu.externaltools.gnu-tools-for-stm32.9-2020-q2-update.win32_1.5.0.202011040924/tools/bin/../lib/gcc/arm-none-eabi/9.3.1/thumb/v6-m/nofp/crtbegin.o
 *(.init)
 .init          0x0000000008003c14        0x4 c:/tools/mcu/stmicroelectronics/stm32cubeide_1.6.1/stm32cubeide/plugins/com.st.stm32cube.ide.mcu.externaltools.gnu-tools-for-stm32.9-2020-q2-update.win32_1.5.0.202011040924/tools/bin/../lib/gcc/arm-none-eabi/9.3.1/thumb/v6-m/nofp/crti.o
                0x0000000008003c14                _init
 .init          0x0000000008003c18        0x8 c:/tools/mcu/stmicroelectronics/stm32cubeide_1.6.1/stm32cubeide/plugins/com.st.stm32cube.ide.mcu.externaltools.gnu-tools-for-stm32.9-2020-q2-update.win32_1.5.0.202011040924/tools/bin/../lib/gcc/arm-none-eabi/9.3.1/thumb/v6-m/nofp/crtn.o
 *(.fini)
 .fini          0x0000000008003c20        0x4 c:/tools/mcu/stmicroelectronics/stm32cubeide_1.6.1/stm32cubeide/plugins/com.st.stm32cube.ide.mcu.externaltools.gnu-tools-for-stm32.9-2020-q2-update.win32_1.5.0.202011040924/tools/bin/../lib/gcc/arm-none-eabi/9.3.1/thumb/v6-m/nofp/crti.o
                0x0000000008003c20                _fini
 .fini          0x0000000008003c24        0x8 c:/tools/mcu/stmicroelectronics/stm32cubeide_1.6.1/stm32cubeide/plugins/com.st.stm32cube.ide.mcu.externaltools.gnu-tools-for-stm32.9-2020-q2-update.win32_1.5.0.202011040924/tools/bin/../lib/gcc/arm-none-eabi/9.3.1/thumb/v6-m/nofp/crtn.o
                0x0000000008003c2c                . = ALIGN (0x4)
                0x0000000008003c2c                _etext = .

.vfp11_veneer   0x0000000008003c2c        0x0
 .vfp11_veneer  0x0000000008003c2c        0x0 linker stubs

.v4_bx          0x0000000008003c2c        0x0
 .v4_bx         0x0000000008003c2c        0x0 linker stubs

.iplt           0x0000000008003c2c        0x0
 .iplt          0x0000000008003c2c        0x0 c:/tools/mcu/stmicroelectronics/stm32cubeide_1.6.1/stm32cubeide/plugins/com.st.stm32cube.ide.mcu.externaltools.gnu-tools-for-stm32.9-2020-q2-update.win32_1.5.0.202011040924/tools/bin/../lib/gcc/arm-none-eabi/9.3.1/thumb/v6-m/nofp/crtbegin.o

.rodata         0x0000000008003c2c      0x274
                0x0000000008003c2c                . = ALIGN (0x4)
 *(.rodata)
 .rodata        0x0000000008003c2c       0x2d App/App.o
 *(.rodata*)
 *fill*         0x0000000008003c59        0x3 
 .rodata.F6x8   0x0000000008003c5c      0x228 App/lcd_user.o
                0x0000000008003c5c                F6x8
 .rodata.AHBPrescTable
                0x0000000008003e84       0x10 Core/Src/system_stm32l0xx.o
                0x0000000008003e84                AHBPrescTable
 .rodata.PLLMulTable
                0x0000000008003e94        0x9 Core/Src/system_stm32l0xx.o
                0x0000000008003e94                PLLMulTable
                0x0000000008003ea0                . = ALIGN (0x4)
 *fill*         0x0000000008003e9d        0x3 

.ARM.extab      0x0000000008003ea0        0x0
                0x0000000008003ea0                . = ALIGN (0x4)
 *(.ARM.extab* .gnu.linkonce.armextab.*)
                0x0000000008003ea0                . = ALIGN (0x4)

.ARM            0x0000000008003ea0        0x8
                0x0000000008003ea0                . = ALIGN (0x4)
                0x0000000008003ea0                __exidx_start = .
 *(.ARM.exidx*)
 .ARM.exidx     0x0000000008003ea0        0x8 c:/tools/mcu/stmicroelectronics/stm32cubeide_1.6.1/stm32cubeide/plugins/com.st.stm32cube.ide.mcu.externaltools.gnu-tools-for-stm32.9-2020-q2-update.win32_1.5.0.202011040924/tools/bin/../lib/gcc/arm-none-eabi/9.3.1/thumb/v6-m/nofp\libgcc.a(_udivmoddi4.o)
                0x0000000008003ea8                __exidx_end = .
                0x0000000008003ea8                . = ALIGN (0x4)

.rel.dyn        0x0000000008003ea8        0x0
 .rel.iplt      0x0000000008003ea8        0x0 c:/tools/mcu/stmicroelectronics/stm32cubeide_1.6.1/stm32cubeide/plugins/com.st.stm32cube.ide.mcu.externaltools.gnu-tools-for-stm32.9-2020-q2-update.win32_1.5.0.202011040924/tools/bin/../lib/gcc/arm-none-eabi/9.3.1/thumb/v6-m/nofp/crtbegin.o

.preinit_array  0x0000000008003ea8        0x0
                0x0000000008003ea8                . = ALIGN (0x4)
                0x0000000008003ea8                PROVIDE (__preinit_array_start = .)
 *(.preinit_array*)
                0x0000000008003ea8                PROVIDE (__preinit_array_end = .)
                0x0000000008003ea8                . = ALIGN (0x4)

.init_array     0x0000000008003ea8        0x4
                0x0000000008003ea8                . = ALIGN (0x4)
                0x0000000008003ea8                PROVIDE (__init_array_start = .)
 *(SORT_BY_NAME(.init_array.*))
 *(.init_array*)
 .init_array    0x0000000008003ea8        0x4 c:/tools/mcu/stmicroelectronics/stm32cubeide_1.6.1/stm32cubeide/plugins/com.st.stm32cube.ide.mcu.externaltools.gnu-tools-for-stm32.9-2020-q2-update.win32_1.5.0.202011040924/tools/bin/../lib/gcc/arm-none-eabi/9.3.1/thumb/v6-m/nofp/crtbegin.o
                0x0000000008003eac                PROVIDE (__init_array_end = .)
                0x0000000008003eac                . = ALIGN (0x4)

.fini_array     0x0000000008003eac        0x4
                0x0000000008003eac                . = ALIGN (0x4)
                [!provide]                        PROVIDE (__fini_array_start = .)
 *(SORT_BY_NAME(.fini_array.*))
 *(.fini_array*)
 .fini_array    0x0000000008003eac        0x4 c:/tools/mcu/stmicroelectronics/stm32cubeide_1.6.1/stm32cubeide/plugins/com.st.stm32cube.ide.mcu.externaltools.gnu-tools-for-stm32.9-2020-q2-update.win32_1.5.0.202011040924/tools/bin/../lib/gcc/arm-none-eabi/9.3.1/thumb/v6-m/nofp/crtbegin.o
                [!provide]                        PROVIDE (__fini_array_end = .)
                0x0000000008003eb0                . = ALIGN (0x4)
                0x0000000008003eb0                _sidata = LOADADDR (.data)

.data           0x0000000020000000        0xc load address 0x0000000008003eb0
                0x0000000020000000                . = ALIGN (0x4)
                0x0000000020000000                _sdata = .
 *(.data)
 *(.data*)
 .data.SystemCoreClock
                0x0000000020000000        0x4 Core/Src/system_stm32l0xx.o
                0x0000000020000000                SystemCoreClock
 .data.uwTickPrio
                0x0000000020000004        0x4 Drivers/STM32L0xx_HAL_Driver/Src/stm32l0xx_hal.o
                0x0000000020000004                uwTickPrio
 .data.uwTickFreq
                0x0000000020000008        0x1 Drivers/STM32L0xx_HAL_Driver/Src/stm32l0xx_hal.o
                0x0000000020000008                uwTickFreq
 *(.RamFunc)
 *(.RamFunc*)
                0x000000002000000c                . = ALIGN (0x4)
 *fill*         0x0000000020000009        0x3 
                0x000000002000000c                _edata = .

.igot.plt       0x000000002000000c        0x0 load address 0x0000000008003ebc
 .igot.plt      0x000000002000000c        0x0 c:/tools/mcu/stmicroelectronics/stm32cubeide_1.6.1/stm32cubeide/plugins/com.st.stm32cube.ide.mcu.externaltools.gnu-tools-for-stm32.9-2020-q2-update.win32_1.5.0.202011040924/tools/bin/../lib/gcc/arm-none-eabi/9.3.1/thumb/v6-m/nofp/crtbegin.o
                0x000000002000000c                . = ALIGN (0x4)

.bss            0x000000002000000c      0x17c load address 0x0000000008003ebc
                0x000000002000000c                _sbss = .
                0x000000002000000c                __bss_start__ = _sbss
 *(.bss)
 .bss           0x000000002000000c       0x1c c:/tools/mcu/stmicroelectronics/stm32cubeide_1.6.1/stm32cubeide/plugins/com.st.stm32cube.ide.mcu.externaltools.gnu-tools-for-stm32.9-2020-q2-update.win32_1.5.0.202011040924/tools/bin/../lib/gcc/arm-none-eabi/9.3.1/thumb/v6-m/nofp/crtbegin.o
 *(.bss*)
 .bss.updateAdcValues
                0x0000000020000028        0x1 App/App.o
                0x0000000020000028                updateAdcValues
 *fill*         0x0000000020000029        0x3 
 .bss.evt.7253  0x000000002000002c       0x14 App/App.o
 .bss.state.7252
                0x0000000020000040        0x1 App/App.o
 *fill*         0x0000000020000041        0x3 
 .bss.last.7255
                0x0000000020000044        0x4 App/App.o
 .bss.last.7266
                0x0000000020000048        0x4 App/App.o
 .bss.prevS1.7267
                0x000000002000004c        0x1 App/App.o
 .bss.prevS2.7268
                0x000000002000004d        0x1 App/App.o
 .bss.prevS3.7269
                0x000000002000004e        0x1 App/App.o
 .bss.prevS4.7270
                0x000000002000004f        0x1 App/App.o
 .bss.last.7278
                0x0000000020000050        0x4 App/App.o
 *(COMMON)
 COMMON         0x0000000020000054       0xa4 Core/Src/adc.o
                0x0000000020000054                hdma_adc
                0x000000002000009c                hadc
 COMMON         0x00000000200000f8       0x4c Core/Src/i2c.o
                0x00000000200000f8                hi2c1
 COMMON         0x0000000020000144       0x40 Core/Src/tim.o
                0x0000000020000144                htim6
 COMMON         0x0000000020000184        0x4 Drivers/STM32L0xx_HAL_Driver/Src/stm32l0xx_hal.o
                0x0000000020000184                uwTick
                0x0000000020000188                . = ALIGN (0x4)
                0x0000000020000188                _ebss = .
                0x0000000020000188                __bss_end__ = _ebss

._user_heap_stack
                0x0000000020000188      0x600 load address 0x0000000008003ebc
                0x0000000020000188                . = ALIGN (0x8)
                [!provide]                        PROVIDE (end = .)
                0x0000000020000188                PROVIDE (_end = .)
                0x0000000020000388                . = (. + _Min_Heap_Size)
 *fill*         0x0000000020000188      0x200 
                0x0000000020000788                . = (. + _Min_Stack_Size)
 *fill*         0x0000000020000388      0x400 
                0x0000000020000788                . = ALIGN (0x8)

/DISCARD/
 libc.a(*)
 libm.a(*)
 libgcc.a(*)

.ARM.attributes
                0x0000000000000000       0x28
 *(.ARM.attributes)
 .ARM.attributes
                0x0000000000000000       0x1e c:/tools/mcu/stmicroelectronics/stm32cubeide_1.6.1/stm32cubeide/plugins/com.st.stm32cube.ide.mcu.externaltools.gnu-tools-for-stm32.9-2020-q2-update.win32_1.5.0.202011040924/tools/bin/../lib/gcc/arm-none-eabi/9.3.1/thumb/v6-m/nofp/crti.o
 .ARM.attributes
                0x000000000000001e       0x2c c:/tools/mcu/stmicroelectronics/stm32cubeide_1.6.1/stm32cubeide/plugins/com.st.stm32cube.ide.mcu.externaltools.gnu-tools-for-stm32.9-2020-q2-update.win32_1.5.0.202011040924/tools/bin/../lib/gcc/arm-none-eabi/9.3.1/thumb/v6-m/nofp/crtbegin.o
 .ARM.attributes
                0x000000000000004a       0x2c App/App.o
 .ARM.attributes
                0x0000000000000076       0x2c App/lcd_user.o
 .ARM.attributes
                0x00000000000000a2       0x2c Core/Src/adc.o
 .ARM.attributes
                0x00000000000000ce       0x2c Core/Src/dma.o
 .ARM.attributes
                0x00000000000000fa       0x2c Core/Src/gpio.o
 .ARM.attributes
                0x0000000000000126       0x2c Core/Src/i2c.o
 .ARM.attributes
                0x0000000000000152       0x2c Core/Src/main.o
 .ARM.attributes
                0x000000000000017e       0x2c Core/Src/stm32l0xx_hal_msp.o
 .ARM.attributes
                0x00000000000001aa       0x2c Core/Src/stm32l0xx_it.o
 .ARM.attributes
                0x00000000000001d6       0x2c Core/Src/system_stm32l0xx.o
 .ARM.attributes
                0x0000000000000202       0x2c Core/Src/tim.o
 .ARM.attributes
                0x000000000000022e       0x22 Core/Startup/startup_stm32l052k8tx.o
 .ARM.attributes
                0x0000000000000250       0x2c Drivers/STM32L0xx_HAL_Driver/Src/stm32l0xx_hal.o
 .ARM.attributes
                0x000000000000027c       0x2c Drivers/STM32L0xx_HAL_Driver/Src/stm32l0xx_hal_adc.o
 .ARM.attributes
                0x00000000000002a8       0x2c Drivers/STM32L0xx_HAL_Driver/Src/stm32l0xx_hal_cortex.o
 .ARM.attributes
                0x00000000000002d4       0x2c Drivers/STM32L0xx_HAL_Driver/Src/stm32l0xx_hal_dma.o
 .ARM.attributes
                0x0000000000000300       0x2c Drivers/STM32L0xx_HAL_Driver/Src/stm32l0xx_hal_gpio.o
 .ARM.attributes
                0x000000000000032c       0x2c Drivers/STM32L0xx_HAL_Driver/Src/stm32l0xx_hal_i2c.o
 .ARM.attributes
                0x0000000000000358       0x2c Drivers/STM32L0xx_HAL_Driver/Src/stm32l0xx_hal_i2c_ex.o
 .ARM.attributes
                0x0000000000000384       0x2c Drivers/STM32L0xx_HAL_Driver/Src/stm32l0xx_hal_rcc.o
 .ARM.attributes
                0x00000000000003b0       0x2c Drivers/STM32L0xx_HAL_Driver/Src/stm32l0xx_hal_rcc_ex.o
 .ARM.attributes
                0x00000000000003dc       0x2c Drivers/STM32L0xx_HAL_Driver/Src/stm32l0xx_hal_tim.o
 .ARM.attributes
                0x0000000000000408       0x2c Drivers/STM32L0xx_HAL_Driver/Src/stm32l0xx_hal_tim_ex.o
 .ARM.attributes
                0x0000000000000434       0x2c c:/tools/mcu/stmicroelectronics/stm32cubeide_1.6.1/stm32cubeide/plugins/com.st.stm32cube.ide.mcu.externaltools.gnu-tools-for-stm32.9-2020-q2-update.win32_1.5.0.202011040924/tools/bin/../lib/gcc/arm-none-eabi/9.3.1/../../../../arm-none-eabi/lib/thumb/v6-m/nofp\libc_nano.a(lib_a-init.o)
 .ARM.attributes
                0x0000000000000460       0x2c c:/tools/mcu/stmicroelectronics/stm32cubeide_1.6.1/stm32cubeide/plugins/com.st.stm32cube.ide.mcu.externaltools.gnu-tools-for-stm32.9-2020-q2-update.win32_1.5.0.202011040924/tools/bin/../lib/gcc/arm-none-eabi/9.3.1/../../../../arm-none-eabi/lib/thumb/v6-m/nofp\libc_nano.a(lib_a-memset.o)
 .ARM.attributes
                0x000000000000048c       0x1e c:/tools/mcu/stmicroelectronics/stm32cubeide_1.6.1/stm32cubeide/plugins/com.st.stm32cube.ide.mcu.externaltools.gnu-tools-for-stm32.9-2020-q2-update.win32_1.5.0.202011040924/tools/bin/../lib/gcc/arm-none-eabi/9.3.1/thumb/v6-m/nofp\libgcc.a(_udivsi3.o)
 .ARM.attributes
                0x00000000000004aa       0x1e c:/tools/mcu/stmicroelectronics/stm32cubeide_1.6.1/stm32cubeide/plugins/com.st.stm32cube.ide.mcu.externaltools.gnu-tools-for-stm32.9-2020-q2-update.win32_1.5.0.202011040924/tools/bin/../lib/gcc/arm-none-eabi/9.3.1/thumb/v6-m/nofp\libgcc.a(_dvmd_tls.o)
 .ARM.attributes
                0x00000000000004c8       0x1e c:/tools/mcu/stmicroelectronics/stm32cubeide_1.6.1/stm32cubeide/plugins/com.st.stm32cube.ide.mcu.externaltools.gnu-tools-for-stm32.9-2020-q2-update.win32_1.5.0.202011040924/tools/bin/../lib/gcc/arm-none-eabi/9.3.1/thumb/v6-m/nofp\libgcc.a(_aeabi_uldivmod.o)
 .ARM.attributes
                0x00000000000004e6       0x2c c:/tools/mcu/stmicroelectronics/stm32cubeide_1.6.1/stm32cubeide/plugins/com.st.stm32cube.ide.mcu.externaltools.gnu-tools-for-stm32.9-2020-q2-update.win32_1.5.0.202011040924/tools/bin/../lib/gcc/arm-none-eabi/9.3.1/thumb/v6-m/nofp\libgcc.a(_muldi3.o)
 .ARM.attributes
                0x0000000000000512       0x2c c:/tools/mcu/stmicroelectronics/stm32cubeide_1.6.1/stm32cubeide/plugins/com.st.stm32cube.ide.mcu.externaltools.gnu-tools-for-stm32.9-2020-q2-update.win32_1.5.0.202011040924/tools/bin/../lib/gcc/arm-none-eabi/9.3.1/thumb/v6-m/nofp\libgcc.a(_udivmoddi4.o)
 .ARM.attributes
                0x000000000000053e       0x1e c:/tools/mcu/stmicroelectronics/stm32cubeide_1.6.1/stm32cubeide/plugins/com.st.stm32cube.ide.mcu.externaltools.gnu-tools-for-stm32.9-2020-q2-update.win32_1.5.0.202011040924/tools/bin/../lib/gcc/arm-none-eabi/9.3.1/thumb/v6-m/nofp\libgcc.a(_clzdi2.o)
 .ARM.attributes
                0x000000000000055c       0x1e c:/tools/mcu/stmicroelectronics/stm32cubeide_1.6.1/stm32cubeide/plugins/com.st.stm32cube.ide.mcu.externaltools.gnu-tools-for-stm32.9-2020-q2-update.win32_1.5.0.202011040924/tools/bin/../lib/gcc/arm-none-eabi/9.3.1/thumb/v6-m/nofp\libgcc.a(_clzsi2.o)
 .ARM.attributes
                0x000000000000057a       0x1e c:/tools/mcu/stmicroelectronics/stm32cubeide_1.6.1/stm32cubeide/plugins/com.st.stm32cube.ide.mcu.externaltools.gnu-tools-for-stm32.9-2020-q2-update.win32_1.5.0.202011040924/tools/bin/../lib/gcc/arm-none-eabi/9.3.1/thumb/v6-m/nofp/crtn.o
OUTPUT(IWM.elf elf32-littlearm)
LOAD linker stubs
LOAD c:/tools/mcu/stmicroelectronics/stm32cubeide_1.6.1/stm32cubeide/plugins/com.st.stm32cube.ide.mcu.externaltools.gnu-tools-for-stm32.9-2020-q2-update.win32_1.5.0.202011040924/tools/bin/../lib/gcc/arm-none-eabi/9.3.1/../../../../arm-none-eabi/lib/thumb/v6-m/nofp\libc.a
LOAD c:/tools/mcu/stmicroelectronics/stm32cubeide_1.6.1/stm32cubeide/plugins/com.st.stm32cube.ide.mcu.externaltools.gnu-tools-for-stm32.9-2020-q2-update.win32_1.5.0.202011040924/tools/bin/../lib/gcc/arm-none-eabi/9.3.1/../../../../arm-none-eabi/lib/thumb/v6-m/nofp\libm.a
LOAD c:/tools/mcu/stmicroelectronics/stm32cubeide_1.6.1/stm32cubeide/plugins/com.st.stm32cube.ide.mcu.externaltools.gnu-tools-for-stm32.9-2020-q2-update.win32_1.5.0.202011040924/tools/bin/../lib/gcc/arm-none-eabi/9.3.1/thumb/v6-m/nofp\libgcc.a

.debug_info     0x0000000000000000    0x1091f
 .debug_info    0x0000000000000000     0x1930 App/App.o
 .debug_info    0x0000000000001930      0x982 App/lcd_user.o
 .debug_info    0x00000000000022b2      0xaaa Core/Src/adc.o
 .debug_info    0x0000000000002d5c      0x3ac Core/Src/dma.o
 .debug_info    0x0000000000003108      0x457 Core/Src/gpio.o
 .debug_info    0x000000000000355f      0x9cd Core/Src/i2c.o
 .debug_info    0x0000000000003f2c      0xf58 Core/Src/main.o
 .debug_info    0x0000000000004e84      0x2c9 Core/Src/stm32l0xx_hal_msp.o
 .debug_info    0x000000000000514d      0xa4d Core/Src/stm32l0xx_it.o
 .debug_info    0x0000000000005b9a      0x413 Core/Src/system_stm32l0xx.o
 .debug_info    0x0000000000005fad      0x9c1 Core/Src/tim.o
 .debug_info    0x000000000000696e       0x22 Core/Startup/startup_stm32l052k8tx.o
 .debug_info    0x0000000000006990      0x8e0 Drivers/STM32L0xx_HAL_Driver/Src/stm32l0xx_hal.o
 .debug_info    0x0000000000007270      0xe01 Drivers/STM32L0xx_HAL_Driver/Src/stm32l0xx_hal_adc.o
 .debug_info    0x0000000000008071      0x991 Drivers/STM32L0xx_HAL_Driver/Src/stm32l0xx_hal_cortex.o
 .debug_info    0x0000000000008a02      0x834 Drivers/STM32L0xx_HAL_Driver/Src/stm32l0xx_hal_dma.o
 .debug_info    0x0000000000009236      0x789 Drivers/STM32L0xx_HAL_Driver/Src/stm32l0xx_hal_gpio.o
 .debug_info    0x00000000000099bf     0x21c3 Drivers/STM32L0xx_HAL_Driver/Src/stm32l0xx_hal_i2c.o
 .debug_info    0x000000000000bb82      0x9c1 Drivers/STM32L0xx_HAL_Driver/Src/stm32l0xx_hal_i2c_ex.o
 .debug_info    0x000000000000c543      0xa36 Drivers/STM32L0xx_HAL_Driver/Src/stm32l0xx_hal_rcc.o
 .debug_info    0x000000000000cf79      0x8c8 Drivers/STM32L0xx_HAL_Driver/Src/stm32l0xx_hal_rcc_ex.o
 .debug_info    0x000000000000d841     0x2906 Drivers/STM32L0xx_HAL_Driver/Src/stm32l0xx_hal_tim.o
 .debug_info    0x0000000000010147      0x7d8 Drivers/STM32L0xx_HAL_Driver/Src/stm32l0xx_hal_tim_ex.o

.debug_abbrev   0x0000000000000000     0x298c
 .debug_abbrev  0x0000000000000000      0x26d App/App.o
 .debug_abbrev  0x000000000000026d      0x1d0 App/lcd_user.o
 .debug_abbrev  0x000000000000043d      0x1dd Core/Src/adc.o
 .debug_abbrev  0x000000000000061a      0x11b Core/Src/dma.o
 .debug_abbrev  0x0000000000000735      0x14e Core/Src/gpio.o
 .debug_abbrev  0x0000000000000883      0x1bb Core/Src/i2c.o
 .debug_abbrev  0x0000000000000a3e      0x1d2 Core/Src/main.o
 .debug_abbrev  0x0000000000000c10       0xf8 Core/Src/stm32l0xx_hal_msp.o
 .debug_abbrev  0x0000000000000d08      0x198 Core/Src/stm32l0xx_it.o
 .debug_abbrev  0x0000000000000ea0      0x145 Core/Src/system_stm32l0xx.o
 .debug_abbrev  0x0000000000000fe5      0x1c3 Core/Src/tim.o
 .debug_abbrev  0x00000000000011a8       0x12 Core/Startup/startup_stm32l052k8tx.o
 .debug_abbrev  0x00000000000011ba      0x267 Drivers/STM32L0xx_HAL_Driver/Src/stm32l0xx_hal.o
 .debug_abbrev  0x0000000000001421      0x222 Drivers/STM32L0xx_HAL_Driver/Src/stm32l0xx_hal_adc.o
 .debug_abbrev  0x0000000000001643      0x2b4 Drivers/STM32L0xx_HAL_Driver/Src/stm32l0xx_hal_cortex.o
 .debug_abbrev  0x00000000000018f7      0x1f0 Drivers/STM32L0xx_HAL_Driver/Src/stm32l0xx_hal_dma.o
 .debug_abbrev  0x0000000000001ae7      0x1e8 Drivers/STM32L0xx_HAL_Driver/Src/stm32l0xx_hal_gpio.o
 .debug_abbrev  0x0000000000001ccf      0x267 Drivers/STM32L0xx_HAL_Driver/Src/stm32l0xx_hal_i2c.o
 .debug_abbrev  0x0000000000001f36      0x1d4 Drivers/STM32L0xx_HAL_Driver/Src/stm32l0xx_hal_i2c_ex.o
 .debug_abbrev  0x000000000000210a      0x246 Drivers/STM32L0xx_HAL_Driver/Src/stm32l0xx_hal_rcc.o
 .debug_abbrev  0x0000000000002350      0x20b Drivers/STM32L0xx_HAL_Driver/Src/stm32l0xx_hal_rcc_ex.o
 .debug_abbrev  0x000000000000255b      0x26f Drivers/STM32L0xx_HAL_Driver/Src/stm32l0xx_hal_tim.o
 .debug_abbrev  0x00000000000027ca      0x1c2 Drivers/STM32L0xx_HAL_Driver/Src/stm32l0xx_hal_tim_ex.o

.debug_aranges  0x0000000000000000      0xe30
 .debug_aranges
                0x0000000000000000       0x48 App/App.o
 .debug_aranges
                0x0000000000000048       0x60 App/lcd_user.o
 .debug_aranges
                0x00000000000000a8       0x30 Core/Src/adc.o
 .debug_aranges
                0x00000000000000d8       0x20 Core/Src/dma.o
 .debug_aranges
                0x00000000000000f8       0x20 Core/Src/gpio.o
 .debug_aranges
                0x0000000000000118       0x30 Core/Src/i2c.o
 .debug_aranges
                0x0000000000000148       0x30 Core/Src/main.o
 .debug_aranges
                0x0000000000000178       0x20 Core/Src/stm32l0xx_hal_msp.o
 .debug_aranges
                0x0000000000000198       0x58 Core/Src/stm32l0xx_it.o
 .debug_aranges
                0x00000000000001f0       0x28 Core/Src/system_stm32l0xx.o
 .debug_aranges
                0x0000000000000218       0x30 Core/Src/tim.o
 .debug_aranges
                0x0000000000000248       0x28 Core/Startup/startup_stm32l052k8tx.o
 .debug_aranges
                0x0000000000000270      0x110 Drivers/STM32L0xx_HAL_Driver/Src/stm32l0xx_hal.o
 .debug_aranges
                0x0000000000000380      0x100 Drivers/STM32L0xx_HAL_Driver/Src/stm32l0xx_hal_adc.o
 .debug_aranges
                0x0000000000000480       0xd8 Drivers/STM32L0xx_HAL_Driver/Src/stm32l0xx_hal_cortex.o
 .debug_aranges
                0x0000000000000558       0x80 Drivers/STM32L0xx_HAL_Driver/Src/stm32l0xx_hal_dma.o
 .debug_aranges
                0x00000000000005d8       0x58 Drivers/STM32L0xx_HAL_Driver/Src/stm32l0xx_hal_gpio.o
 .debug_aranges
                0x0000000000000630      0x290 Drivers/STM32L0xx_HAL_Driver/Src/stm32l0xx_hal_i2c.o
 .debug_aranges
                0x00000000000008c0       0x48 Drivers/STM32L0xx_HAL_Driver/Src/stm32l0xx_hal_i2c_ex.o
 .debug_aranges
                0x0000000000000908       0x80 Drivers/STM32L0xx_HAL_Driver/Src/stm32l0xx_hal_rcc.o
 .debug_aranges
                0x0000000000000988       0xb0 Drivers/STM32L0xx_HAL_Driver/Src/stm32l0xx_hal_rcc_ex.o
 .debug_aranges
                0x0000000000000a38      0x3d0 Drivers/STM32L0xx_HAL_Driver/Src/stm32l0xx_hal_tim.o
 .debug_aranges
                0x0000000000000e08       0x28 Drivers/STM32L0xx_HAL_Driver/Src/stm32l0xx_hal_tim_ex.o

.debug_ranges   0x0000000000000000      0xcc8
 .debug_ranges  0x0000000000000000       0x38 App/App.o
 .debug_ranges  0x0000000000000038       0x50 App/lcd_user.o
 .debug_ranges  0x0000000000000088       0x20 Core/Src/adc.o
 .debug_ranges  0x00000000000000a8       0x10 Core/Src/dma.o
 .debug_ranges  0x00000000000000b8       0x10 Core/Src/gpio.o
 .debug_ranges  0x00000000000000c8       0x20 Core/Src/i2c.o
 .debug_ranges  0x00000000000000e8       0x20 Core/Src/main.o
 .debug_ranges  0x0000000000000108       0x10 Core/Src/stm32l0xx_hal_msp.o
 .debug_ranges  0x0000000000000118       0x48 Core/Src/stm32l0xx_it.o
 .debug_ranges  0x0000000000000160       0x18 Core/Src/system_stm32l0xx.o
 .debug_ranges  0x0000000000000178       0x20 Core/Src/tim.o
 .debug_ranges  0x0000000000000198       0x20 Core/Startup/startup_stm32l052k8tx.o
 .debug_ranges  0x00000000000001b8      0x100 Drivers/STM32L0xx_HAL_Driver/Src/stm32l0xx_hal.o
 .debug_ranges  0x00000000000002b8       0xf0 Drivers/STM32L0xx_HAL_Driver/Src/stm32l0xx_hal_adc.o
 .debug_ranges  0x00000000000003a8       0xc8 Drivers/STM32L0xx_HAL_Driver/Src/stm32l0xx_hal_cortex.o
 .debug_ranges  0x0000000000000470       0x70 Drivers/STM32L0xx_HAL_Driver/Src/stm32l0xx_hal_dma.o
 .debug_ranges  0x00000000000004e0       0x48 Drivers/STM32L0xx_HAL_Driver/Src/stm32l0xx_hal_gpio.o
 .debug_ranges  0x0000000000000528      0x280 Drivers/STM32L0xx_HAL_Driver/Src/stm32l0xx_hal_i2c.o
 .debug_ranges  0x00000000000007a8       0x38 Drivers/STM32L0xx_HAL_Driver/Src/stm32l0xx_hal_i2c_ex.o
 .debug_ranges  0x00000000000007e0       0x70 Drivers/STM32L0xx_HAL_Driver/Src/stm32l0xx_hal_rcc.o
 .debug_ranges  0x0000000000000850       0xa0 Drivers/STM32L0xx_HAL_Driver/Src/stm32l0xx_hal_rcc_ex.o
 .debug_ranges  0x00000000000008f0      0x3c0 Drivers/STM32L0xx_HAL_Driver/Src/stm32l0xx_hal_tim.o
 .debug_ranges  0x0000000000000cb0       0x18 Drivers/STM32L0xx_HAL_Driver/Src/stm32l0xx_hal_tim_ex.o

.debug_macro    0x0000000000000000    0x154f0
 .debug_macro   0x0000000000000000      0x359 App/App.o
 .debug_macro   0x0000000000000359      0xa7e App/App.o
 .debug_macro   0x0000000000000dd7       0x22 App/App.o
 .debug_macro   0x0000000000000df9       0x4c App/App.o
 .debug_macro   0x0000000000000e45       0x18 App/App.o
 .debug_macro   0x0000000000000e5d       0x94 App/App.o
 .debug_macro   0x0000000000000ef1       0x3c App/App.o
 .debug_macro   0x0000000000000f2d       0x34 App/App.o
 .debug_macro   0x0000000000000f61       0x16 App/App.o
 .debug_macro   0x0000000000000f77       0x57 App/App.o
 .debug_macro   0x0000000000000fce       0x97 App/App.o
 .debug_macro   0x0000000000001065      0x339 App/App.o
 .debug_macro   0x000000000000139e       0xfd App/App.o
 .debug_macro   0x000000000000149b       0x10 App/App.o
 .debug_macro   0x00000000000014ab       0x16 App/App.o
 .debug_macro   0x00000000000014c1       0x43 App/App.o
 .debug_macro   0x0000000000001504       0x34 App/App.o
 .debug_macro   0x0000000000001538       0x10 App/App.o
 .debug_macro   0x0000000000001548       0x58 App/App.o
 .debug_macro   0x00000000000015a0       0x71 App/App.o
 .debug_macro   0x0000000000001611       0x1c App/App.o
 .debug_macro   0x000000000000162d      0x12a App/App.o
 .debug_macro   0x0000000000001757       0x10 App/App.o
 .debug_macro   0x0000000000001767       0x6a App/App.o
 .debug_macro   0x00000000000017d1       0x1c App/App.o
 .debug_macro   0x00000000000017ed       0x52 App/App.o
 .debug_macro   0x000000000000183f       0x22 App/App.o
 .debug_macro   0x0000000000001861       0x10 App/App.o
 .debug_macro   0x0000000000001871       0x40 App/App.o
 .debug_macro   0x00000000000018b1       0xd5 App/App.o
 .debug_macro   0x0000000000001986       0x1c App/App.o
 .debug_macro   0x00000000000019a2       0x3d App/App.o
 .debug_macro   0x00000000000019df       0x16 App/App.o
 .debug_macro   0x00000000000019f5      0x145 App/App.o
 .debug_macro   0x0000000000001b3a       0x22 App/App.o
 .debug_macro   0x0000000000001b5c      0x125 App/App.o
 .debug_macro   0x0000000000001c81       0x2e App/App.o
 .debug_macro   0x0000000000001caf       0x28 App/App.o
 .debug_macro   0x0000000000001cd7      0x103 App/App.o
 .debug_macro   0x0000000000001dda      0x1df App/App.o
 .debug_macro   0x0000000000001fb9       0x1c App/App.o
 .debug_macro   0x0000000000001fd5       0x22 App/App.o
 .debug_macro   0x0000000000001ff7       0xaf App/App.o
 .debug_macro   0x00000000000020a6      0x4da App/App.o
 .debug_macro   0x0000000000002580      0x11f App/App.o
 .debug_macro   0x000000000000269f     0x99cc App/App.o
 .debug_macro   0x000000000000c06b       0x3c App/App.o
 .debug_macro   0x000000000000c0a7     0x352b App/App.o
 .debug_macro   0x000000000000f5d2       0x55 App/App.o
 .debug_macro   0x000000000000f627      0x8d6 App/App.o
 .debug_macro   0x000000000000fefd      0x970 App/App.o
 .debug_macro   0x000000000001086d      0x190 App/App.o
 .debug_macro   0x00000000000109fd      0x13f App/App.o
 .debug_macro   0x0000000000010b3c      0x176 App/App.o
 .debug_macro   0x0000000000010cb2      0x28e App/App.o
 .debug_macro   0x0000000000010f40      0x1e9 App/App.o
 .debug_macro   0x0000000000011129      0x4e1 App/App.o
 .debug_macro   0x000000000001160a       0x65 App/App.o
 .debug_macro   0x000000000001166f      0x129 App/App.o
 .debug_macro   0x0000000000011798      0x2b4 App/App.o
 .debug_macro   0x0000000000011a4c      0x22c App/App.o
 .debug_macro   0x0000000000011c78       0x5b App/App.o
 .debug_macro   0x0000000000011cd3       0xa5 App/App.o
 .debug_macro   0x0000000000011d78      0x187 App/App.o
 .debug_macro   0x0000000000011eff       0x16 App/App.o
 .debug_macro   0x0000000000011f15      0x773 App/App.o
 .debug_macro   0x0000000000012688       0xcc App/App.o
 .debug_macro   0x0000000000012754      0x146 App/App.o
 .debug_macro   0x000000000001289a       0xe8 App/App.o
 .debug_macro   0x0000000000012982       0x16 App/App.o
 .debug_macro   0x0000000000012998      0x1e2 App/lcd_user.o
 .debug_macro   0x0000000000012b7a       0x8e App/lcd_user.o
 .debug_macro   0x0000000000012c08       0x51 App/lcd_user.o
 .debug_macro   0x0000000000012c59       0xb5 App/lcd_user.o
 .debug_macro   0x0000000000012d0e      0x174 App/lcd_user.o
 .debug_macro   0x0000000000012e82       0x5b App/lcd_user.o
 .debug_macro   0x0000000000012edd       0x10 App/lcd_user.o
 .debug_macro   0x0000000000012eed      0x1e2 Core/Src/adc.o
 .debug_macro   0x00000000000130cf      0x1e2 Core/Src/dma.o
 .debug_macro   0x00000000000132b1      0x1e2 Core/Src/gpio.o
 .debug_macro   0x0000000000013493      0x1e2 Core/Src/i2c.o
 .debug_macro   0x0000000000013675      0x218 Core/Src/main.o
 .debug_macro   0x000000000001388d      0x1d8 Core/Src/stm32l0xx_hal_msp.o
 .debug_macro   0x0000000000013a65      0x1e2 Core/Src/stm32l0xx_it.o
 .debug_macro   0x0000000000013c47      0x1cf Core/Src/system_stm32l0xx.o
 .debug_macro   0x0000000000013e16      0x1e2 Core/Src/tim.o
 .debug_macro   0x0000000000013ff8      0x1ed Drivers/STM32L0xx_HAL_Driver/Src/stm32l0xx_hal.o
 .debug_macro   0x00000000000141e5      0x1d8 Drivers/STM32L0xx_HAL_Driver/Src/stm32l0xx_hal_adc.o
 .debug_macro   0x00000000000143bd      0x1c9 Drivers/STM32L0xx_HAL_Driver/Src/stm32l0xx_hal_cortex.o
 .debug_macro   0x0000000000014586      0x1c9 Drivers/STM32L0xx_HAL_Driver/Src/stm32l0xx_hal_dma.o
 .debug_macro   0x000000000001474f      0x201 Drivers/STM32L0xx_HAL_Driver/Src/stm32l0xx_hal_gpio.o
 .debug_macro   0x0000000000014950      0x28e Drivers/STM32L0xx_HAL_Driver/Src/stm32l0xx_hal_i2c.o
 .debug_macro   0x0000000000014bde      0x1c9 Drivers/STM32L0xx_HAL_Driver/Src/stm32l0xx_hal_i2c_ex.o
 .debug_macro   0x0000000000014da7      0x1ed Drivers/STM32L0xx_HAL_Driver/Src/stm32l0xx_hal_rcc.o
 .debug_macro   0x0000000000014f94      0x1c9 Drivers/STM32L0xx_HAL_Driver/Src/stm32l0xx_hal_rcc_ex.o
 .debug_macro   0x000000000001515d      0x1ca Drivers/STM32L0xx_HAL_Driver/Src/stm32l0xx_hal_tim.o
 .debug_macro   0x0000000000015327      0x1c9 Drivers/STM32L0xx_HAL_Driver/Src/stm32l0xx_hal_tim_ex.o

.debug_line     0x0000000000000000    0x14a53
 .debug_line    0x0000000000000000      0xd7a App/App.o
 .debug_line    0x0000000000000d7a      0xa9f App/lcd_user.o
 .debug_line    0x0000000000001819      0x983 Core/Src/adc.o
 .debug_line    0x000000000000219c      0x8b4 Core/Src/dma.o
 .debug_line    0x0000000000002a50      0x8df Core/Src/gpio.o
 .debug_line    0x000000000000332f      0x935 Core/Src/i2c.o
 .debug_line    0x0000000000003c64      0x965 Core/Src/main.o
 .debug_line    0x00000000000045c9      0x8b9 Core/Src/stm32l0xx_hal_msp.o
 .debug_line    0x0000000000004e82      0x95f Core/Src/stm32l0xx_it.o
 .debug_line    0x00000000000057e1      0x989 Core/Src/system_stm32l0xx.o
 .debug_line    0x000000000000616a      0x913 Core/Src/tim.o
 .debug_line    0x0000000000006a7d       0x8a Core/Startup/startup_stm32l052k8tx.o
 .debug_line    0x0000000000006b07      0xc0c Drivers/STM32L0xx_HAL_Driver/Src/stm32l0xx_hal.o
 .debug_line    0x0000000000007713     0x12df Drivers/STM32L0xx_HAL_Driver/Src/stm32l0xx_hal_adc.o
 .debug_line    0x00000000000089f2      0xcda Drivers/STM32L0xx_HAL_Driver/Src/stm32l0xx_hal_cortex.o
 .debug_line    0x00000000000096cc      0xdfb Drivers/STM32L0xx_HAL_Driver/Src/stm32l0xx_hal_dma.o
 .debug_line    0x000000000000a4c7      0xca8 Drivers/STM32L0xx_HAL_Driver/Src/stm32l0xx_hal_gpio.o
 .debug_line    0x000000000000b16f     0x3489 Drivers/STM32L0xx_HAL_Driver/Src/stm32l0xx_hal_i2c.o
 .debug_line    0x000000000000e5f8      0xad6 Drivers/STM32L0xx_HAL_Driver/Src/stm32l0xx_hal_i2c_ex.o
 .debug_line    0x000000000000f0ce     0x1087 Drivers/STM32L0xx_HAL_Driver/Src/stm32l0xx_hal_rcc.o
 .debug_line    0x0000000000010155      0xf3c Drivers/STM32L0xx_HAL_Driver/Src/stm32l0xx_hal_rcc_ex.o
 .debug_line    0x0000000000011091     0x303c Drivers/STM32L0xx_HAL_Driver/Src/stm32l0xx_hal_tim.o
 .debug_line    0x00000000000140cd      0x986 Drivers/STM32L0xx_HAL_Driver/Src/stm32l0xx_hal_tim_ex.o

.debug_str      0x0000000000000000    0x7dbcb
 .debug_str     0x0000000000000000    0x7a31e App/App.o
                                      0x7a793 (size before relaxing)
 .debug_str     0x000000000007a31e       0xb5 App/lcd_user.o
                                      0x75de3 (size before relaxing)
 .debug_str     0x000000000007a3d3      0x291 Core/Src/adc.o
                                      0x7627c (size before relaxing)
 .debug_str     0x000000000007a664       0x29 Core/Src/dma.o
                                      0x75da1 (size before relaxing)
 .debug_str     0x000000000007a68d       0x48 Core/Src/gpio.o
                                      0x75c9f (size before relaxing)
 .debug_str     0x000000000007a6d5       0x56 Core/Src/i2c.o
                                      0x76174 (size before relaxing)
 .debug_str     0x000000000007a72b      0x255 Core/Src/main.o
                                      0x76782 (size before relaxing)
 .debug_str     0x000000000007a980       0x2c Core/Src/stm32l0xx_hal_msp.o
                                      0x75c0f (size before relaxing)
 .debug_str     0x000000000007a9ac       0x8f Core/Src/stm32l0xx_it.o
                                      0x762cc (size before relaxing)
 .debug_str     0x000000000007aa3b       0x9c Core/Src/system_stm32l0xx.o
                                      0x7597e (size before relaxing)
 .debug_str     0x000000000007aad7       0xa4 Core/Src/tim.o
                                      0x762f9 (size before relaxing)
 .debug_str     0x000000000007ab7b       0x36 Core/Startup/startup_stm32l052k8tx.o
                                         0x69 (size before relaxing)
 .debug_str     0x000000000007abb1      0x3f8 Drivers/STM32L0xx_HAL_Driver/Src/stm32l0xx_hal.o
                                      0x75fac (size before relaxing)
 .debug_str     0x000000000007afa9      0x325 Drivers/STM32L0xx_HAL_Driver/Src/stm32l0xx_hal_adc.o
                                      0x76024 (size before relaxing)
 .debug_str     0x000000000007b2ce      0x2a1 Drivers/STM32L0xx_HAL_Driver/Src/stm32l0xx_hal_cortex.o
                                      0x75dc1 (size before relaxing)
 .debug_str     0x000000000007b56f      0x26c Drivers/STM32L0xx_HAL_Driver/Src/stm32l0xx_hal_dma.o
                                      0x75ceb (size before relaxing)
 .debug_str     0x000000000007b7db      0x1f2 Drivers/STM32L0xx_HAL_Driver/Src/stm32l0xx_hal_gpio.o
                                      0x75bde (size before relaxing)
 .debug_str     0x000000000007b9cd      0xd43 Drivers/STM32L0xx_HAL_Driver/Src/stm32l0xx_hal_i2c.o
                                      0x76ba4 (size before relaxing)
 .debug_str     0x000000000007c710       0xb8 Drivers/STM32L0xx_HAL_Driver/Src/stm32l0xx_hal_i2c_ex.o
                                      0x75ee9 (size before relaxing)
 .debug_str     0x000000000007c7c8      0x279 Drivers/STM32L0xx_HAL_Driver/Src/stm32l0xx_hal_rcc.o
                                      0x75deb (size before relaxing)
 .debug_str     0x000000000007ca41      0x340 Drivers/STM32L0xx_HAL_Driver/Src/stm32l0xx_hal_rcc_ex.o
                                      0x75df5 (size before relaxing)
 .debug_str     0x000000000007cd81      0xdcd Drivers/STM32L0xx_HAL_Driver/Src/stm32l0xx_hal_tim.o
                                      0x76c22 (size before relaxing)
 .debug_str     0x000000000007db4e       0x7d Drivers/STM32L0xx_HAL_Driver/Src/stm32l0xx_hal_tim_ex.o
                                      0x75e00 (size before relaxing)

.comment        0x0000000000000000       0x53
 .comment       0x0000000000000000       0x53 App/App.o
                                         0x54 (size before relaxing)
 .comment       0x0000000000000053       0x54 App/lcd_user.o
 .comment       0x0000000000000053       0x54 Core/Src/adc.o
 .comment       0x0000000000000053       0x54 Core/Src/dma.o
 .comment       0x0000000000000053       0x54 Core/Src/gpio.o
 .comment       0x0000000000000053       0x54 Core/Src/i2c.o
 .comment       0x0000000000000053       0x54 Core/Src/main.o
 .comment       0x0000000000000053       0x54 Core/Src/stm32l0xx_hal_msp.o
 .comment       0x0000000000000053       0x54 Core/Src/stm32l0xx_it.o
 .comment       0x0000000000000053       0x54 Core/Src/system_stm32l0xx.o
 .comment       0x0000000000000053       0x54 Core/Src/tim.o
 .comment       0x0000000000000053       0x54 Drivers/STM32L0xx_HAL_Driver/Src/stm32l0xx_hal.o
 .comment       0x0000000000000053       0x54 Drivers/STM32L0xx_HAL_Driver/Src/stm32l0xx_hal_adc.o
 .comment       0x0000000000000053       0x54 Drivers/STM32L0xx_HAL_Driver/Src/stm32l0xx_hal_cortex.o
 .comment       0x0000000000000053       0x54 Drivers/STM32L0xx_HAL_Driver/Src/stm32l0xx_hal_dma.o
 .comment       0x0000000000000053       0x54 Drivers/STM32L0xx_HAL_Driver/Src/stm32l0xx_hal_gpio.o
 .comment       0x0000000000000053       0x54 Drivers/STM32L0xx_HAL_Driver/Src/stm32l0xx_hal_i2c.o
 .comment       0x0000000000000053       0x54 Drivers/STM32L0xx_HAL_Driver/Src/stm32l0xx_hal_i2c_ex.o
 .comment       0x0000000000000053       0x54 Drivers/STM32L0xx_HAL_Driver/Src/stm32l0xx_hal_rcc.o
 .comment       0x0000000000000053       0x54 Drivers/STM32L0xx_HAL_Driver/Src/stm32l0xx_hal_rcc_ex.o
 .comment       0x0000000000000053       0x54 Drivers/STM32L0xx_HAL_Driver/Src/stm32l0xx_hal_tim.o
 .comment       0x0000000000000053       0x54 Drivers/STM32L0xx_HAL_Driver/Src/stm32l0xx_hal_tim_ex.o

.debug_frame    0x0000000000000000     0x3184
 .debug_frame   0x0000000000000000       0xcc App/App.o
 .debug_frame   0x00000000000000cc      0x130 App/lcd_user.o
 .debug_frame   0x00000000000001fc       0x70 Core/Src/adc.o
 .debug_frame   0x000000000000026c       0x30 Core/Src/dma.o
 .debug_frame   0x000000000000029c       0x30 Core/Src/gpio.o
 .debug_frame   0x00000000000002cc       0x6c Core/Src/i2c.o
 .debug_frame   0x0000000000000338       0x68 Core/Src/main.o
 .debug_frame   0x00000000000003a0       0x2c Core/Src/stm32l0xx_hal_msp.o
 .debug_frame   0x00000000000003cc       0xf0 Core/Src/stm32l0xx_it.o
 .debug_frame   0x00000000000004bc       0x4c Core/Src/system_stm32l0xx.o
 .debug_frame   0x0000000000000508       0x70 Core/Src/tim.o
 .debug_frame   0x0000000000000578      0x394 Drivers/STM32L0xx_HAL_Driver/Src/stm32l0xx_hal.o
 .debug_frame   0x000000000000090c      0x3c0 Drivers/STM32L0xx_HAL_Driver/Src/stm32l0xx_hal_adc.o
 .debug_frame   0x0000000000000ccc      0x2fc Drivers/STM32L0xx_HAL_Driver/Src/stm32l0xx_hal_cortex.o
 .debug_frame   0x0000000000000fc8      0x1b0 Drivers/STM32L0xx_HAL_Driver/Src/stm32l0xx_hal_dma.o
 .debug_frame   0x0000000000001178      0x110 Drivers/STM32L0xx_HAL_Driver/Src/stm32l0xx_hal_gpio.o
 .debug_frame   0x0000000000001288      0xa24 Drivers/STM32L0xx_HAL_Driver/Src/stm32l0xx_hal_i2c.o
 .debug_frame   0x0000000000001cac       0xd0 Drivers/STM32L0xx_HAL_Driver/Src/stm32l0xx_hal_i2c_ex.o
 .debug_frame   0x0000000000001d7c      0x1a8 Drivers/STM32L0xx_HAL_Driver/Src/stm32l0xx_hal_rcc.o
 .debug_frame   0x0000000000001f24      0x244 Drivers/STM32L0xx_HAL_Driver/Src/stm32l0xx_hal_rcc_ex.o
 .debug_frame   0x0000000000002168      0xef0 Drivers/STM32L0xx_HAL_Driver/Src/stm32l0xx_hal_tim.o
 .debug_frame   0x0000000000003058       0x50 Drivers/STM32L0xx_HAL_Driver/Src/stm32l0xx_hal_tim_ex.o
 .debug_frame   0x00000000000030a8       0x2c c:/tools/mcu/stmicroelectronics/stm32cubeide_1.6.1/stm32cubeide/plugins/com.st.stm32cube.ide.mcu.externaltools.gnu-tools-for-stm32.9-2020-q2-update.win32_1.5.0.202011040924/tools/bin/../lib/gcc/arm-none-eabi/9.3.1/../../../../arm-none-eabi/lib/thumb/v6-m/nofp\libc_nano.a(lib_a-init.o)
 .debug_frame   0x00000000000030d4       0x20 c:/tools/mcu/stmicroelectronics/stm32cubeide_1.6.1/stm32cubeide/plugins/com.st.stm32cube.ide.mcu.externaltools.gnu-tools-for-stm32.9-2020-q2-update.win32_1.5.0.202011040924/tools/bin/../lib/gcc/arm-none-eabi/9.3.1/../../../../arm-none-eabi/lib/thumb/v6-m/nofp\libc_nano.a(lib_a-memset.o)
 .debug_frame   0x00000000000030f4       0x20 c:/tools/mcu/stmicroelectronics/stm32cubeide_1.6.1/stm32cubeide/plugins/com.st.stm32cube.ide.mcu.externaltools.gnu-tools-for-stm32.9-2020-q2-update.win32_1.5.0.202011040924/tools/bin/../lib/gcc/arm-none-eabi/9.3.1/thumb/v6-m/nofp\libgcc.a(_udivsi3.o)
 .debug_frame   0x0000000000003114       0x34 c:/tools/mcu/stmicroelectronics/stm32cubeide_1.6.1/stm32cubeide/plugins/com.st.stm32cube.ide.mcu.externaltools.gnu-tools-for-stm32.9-2020-q2-update.win32_1.5.0.202011040924/tools/bin/../lib/gcc/arm-none-eabi/9.3.1/thumb/v6-m/nofp\libgcc.a(_muldi3.o)
 .debug_frame   0x0000000000003148       0x3c c:/tools/mcu/stmicroelectronics/stm32cubeide_1.6.1/stm32cubeide/plugins/com.st.stm32cube.ide.mcu.externaltools.gnu-tools-for-stm32.9-2020-q2-update.win32_1.5.0.202011040924/tools/bin/../lib/gcc/arm-none-eabi/9.3.1/thumb/v6-m/nofp\libgcc.a(_udivmoddi4.o)
