stm32l0xx_hal_msp.c:67:6:HAL_MspInit	8	static
stm32l0xx_hal_msp.c:89:6:HAL_ADC_MspInit	48	static
stm32l0xx_hal_msp.c:144:6:HAL_ADC_MspDeInit	16	static
stm32l0xx_hal_msp.c:178:6:HAL_I2C_MspInit	48	static
stm32l0xx_hal_msp.c:214:6:HAL_I2C_MspDeInit	16	static
stm32l0xx_hal_msp.c:245:6:HAL_TIM_Base_MspInit	16	static
stm32l0xx_hal_msp.c:278:6:HAL_TIM_PWM_MspInit	16	static
stm32l0xx_hal_msp.c:294:6:HAL_TIM_MspPostInit	56	static
stm32l0xx_hal_msp.c:346:6:HAL_TIM_Base_MspDeInit	16	static
stm32l0xx_hal_msp.c:379:6:HAL_TIM_PWM_MspDeInit	16	static
